{
    "description": "Paginated set of `CursorPaginatorTypeToSchemaTest_Resource`",
    "content": {
        "application\/json": {
            "schema": {
                "type": "object",
                "properties": {
                    "data": {
                        "type": "array",
                        "items": {
                            "$ref": "#\/components\/schemas\/CursorPaginatorTypeToSchemaTest_Resource"
                        }
                    },
                    "path": {
                        "type": [
                            "string",
                            "null"
                        ],
                        "description": "Base path for paginator generated URLs."
                    },
                    "per_page": {
                        "type": "integer",
                        "description": "Number of items shown per page."
                    },
                    "next_cursor": {
                        "type": [
                            "string",
                            "null"
                        ],
                        "description": "The \"cursor\" that points to the next set of items."
                    },
                    "next_page_url": {
                        "type": [
                            "string",
                            "null"
                        ],
                        "format": "uri"
                    },
                    "prev_cursor": {
                        "type": [
                            "string",
                            "null"
                        ],
                        "description": "The \"cursor\" that points to the previous set of items."
                    },
                    "prev_page_url": {
                        "type": [
                            "string",
                            "null"
                        ],
                        "format": "uri"
                    }
                },
                "required": [
                    "data",
                    "path",
                    "per_page",
                    "next_cursor",
                    "next_page_url",
                    "prev_cursor",
                    "prev_page_url"
                ]
            }
        }
    }
}